
> campus-connect@0.1.0 build
> next build

node.exe : [@sentry/nextjs] DEPRECATION WARNING: disableLogger is deprecated 
and will be removed in a future version. Use 
webpack.treeshake.removeDebugLogging instead.
At line:1 char:1
+ & "C:\Program Files\nodejs/node.exe" "C:\Program Files\nodejs/node_mo ...
+ ~~~~~~~~~~~~~~~~~~~~~~~~~~~~~~~~~~~~~~~~~~~~~~~~~~~~~~~~~~~~~~~~~~~~~
    + CategoryInfo          : NotSpecified: ([@sentry/nextjs...ogging instead. 
   :String) [], RemoteException
    + FullyQualifiedErrorId : NativeCommandError
 
[@sentry/nextjs] DEPRECATION WARNING: automaticVercelMonitors is deprecated 
and will be removed in a future version. Use webpack.automaticVercelMonitors 
instead.
[@sentry/nextjs] ACTION REQUIRED: To instrument navigations, the Sentry SDK 
requires you to export an `onRouterTransitionStart` hook from your 
`instrumentation-client.(js|ts)` file. You can do so by adding `export const 
onRouterTransitionStart = Sentry.captureRouterTransitionStart;` to the file.
  Γû▓ Next.js 14.2.35
  - Environments: .env.local
  - Experiments (use with caution):
    ┬╖ instrumentationHook

   Creating an optimized production build ...
<w> [webpack.cache.PackFileCacheStrategy] Serializing big strings (188kiB) 
impacts deserialization performance (consider using Buffer instead and decode 
when needed)
<w> [webpack.cache.PackFileCacheStrategy] Serializing big strings (139kiB) 
impacts deserialization performance (consider using Buffer instead and decode 
when needed)
<w> [webpack.cache.PackFileCacheStrategy] Serializing big strings (187kiB) 
impacts deserialization performance (consider using Buffer instead and decode 
when needed)
<w> [webpack.cache.PackFileCacheStrategy] Serializing big strings (139kiB) 
impacts deserialization performance (consider using Buffer instead and decode 
when needed)
 Γ£ô Compiled successfully
   Skipping validation of types
   Linting ...
   Collecting page data ...
   Generating static pages (0/35) ...
   Generating static pages (8/35) 
   Generating static pages (17/35) 
   Generating static pages (26/35) 
 Γ£ô Generating static pages (35/35)
   Finalizing page optimization ...
   Collecting build traces ...

Route (app)                              Size     First Load JS
Γöî Γùï /                                    40.8 kB         275 kB
Γö£ Γùï /_not-found                          1.04 kB         204 kB
Γö£ Γùï /admin/dashboard                     1.75 kB         229 kB
Γö£ Γùï /ads/create                          3.27 kB         243 kB
Γö£ Γùï /ads/dashboard                       2.62 kB         249 kB
Γö£ Γùï /bookmarks                           1.98 kB         240 kB
Γö£ ╞Æ /c/[slug]                            1.81 kB         254 kB
Γö£ ╞Æ /c/[slug]/members                    2.25 kB         238 kB
Γö£ ╞Æ /c/[slug]/settings                   3.09 kB         243 kB
Γö£ Γùï /communities                         2.05 kB         237 kB
Γö£ Γùï /communities/new                     2.74 kB         242 kB
Γö£ Γùï /discover                            632 B           203 kB
Γö£ Γùï /discover/suggested                  631 B           203 kB
Γö£ Γùï /events                              2.45 kB         245 kB
Γö£ ╞Æ /events/[id]                         2.67 kB         263 kB
Γö£ Γùï /explore                             2.43 kB         240 kB
Γö£ ╞Æ /feed                                1.95 kB         254 kB
Γö£ Γùï /find-experts                        1.41 kB         204 kB
Γö£ Γùï /find-partners                       1.42 kB         204 kB
Γö£ ╞Æ /hashtag/[tag]                       2.46 kB         243 kB
Γö£ Γùï /jobs                                1.69 kB         236 kB
Γö£ ╞Æ /jobs/[id]                           2.21 kB         246 kB
Γö£ Γùï /jobs/my-applications                1.73 kB         247 kB
Γö£ Γùï /leaderboard                         2.42 kB         238 kB
Γö£ Γùï /marketplace                         2.59 kB         243 kB
Γö£ ╞Æ /marketplace/[id]                    2.63 kB         252 kB
Γö£ Γùï /messages                            3.99 kB         266 kB
Γö£ ╞Æ /messages/[id]                       2.91 kB         263 kB
Γö£ Γùï /notifications                       2.58 kB         240 kB
Γö£ Γùï /offline                             330 B           203 kB
Γö£ Γùï /onboarding                          3.53 kB         243 kB
Γö£ ╞Æ /profile/[id]                        2.86 kB         241 kB
Γö£ ╞Æ /profile/[id]/portfolio              2.77 kB         240 kB
Γö£ Γùï /profile/me                          800 B           228 kB
Γö£ Γùï /q-and-a                             2.32 kB         243 kB
Γö£ ╞Æ /q-and-a/[id]                        3.76 kB         262 kB
Γö£ Γùï /research                            2.11 kB         239 kB
Γö£ ╞Æ /research/[id]                       2.04 kB         245 kB
Γö£ Γùï /resources                           2.45 kB         240 kB
Γö£ Γùï /search                              3.42 kB         244 kB
Γö£ Γùï /settings                            4.28 kB         252 kB
Γö£ Γùï /settings/billing                    598 B           203 kB
Γö£ Γùï /settings/notifications              600 B           203 kB
Γö£ Γùï /settings/privacy                    596 B           203 kB
Γö£ ╞Æ /sign-in/[[...sign-in]]              396 B           241 kB
Γö£ ╞Æ /sign-up/[[...sign-up]]              396 B           241 kB
Γö£ Γùï /stories                             1.28 kB         245 kB
Γöö ╞Æ /stories/[id]                        2.5 kB          252 kB
+ First Load JS shared by all            202 kB
  Γö£ chunks/2816-b622c1d0021a8266.js      108 kB
  Γö£ chunks/52774a7f-c653fd752572e22a.js  37.3 kB
  Γö£ chunks/fd9d1056-21c02a2a69e9809d.js  53.8 kB
  Γöö other shared chunks (total)          3.42 kB


╞Æ Middleware                             156 kB

Γùï  (Static)   prerendered as static content
╞Æ  (Dynamic)  server-rendered on demand

